[INFO] Scanning for projects...
[INFO] 
[INFO] ------------------------< com.example:AedusApp >------------------------
[INFO] Building AedusApp 1.0-SNAPSHOT
[INFO]   from pom.xml
[INFO] --------------------------------[ jar ]---------------------------------
[WARNING] 6 problems were encountered while building the effective model for org.openjfx:javafx-controls:jar:win:19.0.2 during dependency collection step for project (use -X to see details)
[WARNING] 6 problems were encountered while building the effective model for org.openjfx:javafx-controls:jar:20 during dependency collection step for project (use -X to see details)
[INFO] 
[INFO] --- resources:3.3.1:resources (default-resources) @ AedusApp ---
[INFO] Copying 19 resources from src\main\resources to target\classes
[INFO] 
[INFO] --- compiler:3.11.0:compile (default-compile) @ AedusApp ---
[INFO] Changes detected - recompiling the module! :source
[INFO] Compiling 49 source files with javac [debug target 21 module-path] to target\classes
[INFO] -------------------------------------------------------------
[ERROR] COMPILATION ERROR : 
[INFO] -------------------------------------------------------------
[ERROR] /C:/Users/Mario/Documents/AedusApp/src/main/java/com/example/aedusapp/database/config/DBConnection.java:[3,18] package com.zaxxer.hikari is not visible
  (package com.zaxxer.hikari is declared in the unnamed module, but module com.example.aedusapp does not read it)
[ERROR] /C:/Users/Mario/Documents/AedusApp/src/main/java/com/example/aedusapp/database/config/DBConnection.java:[4,18] package com.zaxxer.hikari is not visible
  (package com.zaxxer.hikari is declared in the unnamed module, but module com.example.aedusapp does not read it)
[INFO] 2 errors 
[INFO] -------------------------------------------------------------
[INFO] ------------------------------------------------------------------------
[INFO] BUILD FAILURE
[INFO] ------------------------------------------------------------------------
[INFO] Total time:  1.971 s
[INFO] Finished at: 2026-03-23T10:34:32+01:00
[INFO] ------------------------------------------------------------------------
[ERROR] Failed to execute goal org.apache.maven.plugins:maven-compiler-plugin:3.11.0:compile (default-compile) on project AedusApp: Compilation failure: Compilation failure: 
[ERROR] /C:/Users/Mario/Documents/AedusApp/src/main/java/com/example/aedusapp/database/config/DBConnection.java:[3,18] package com.zaxxer.hikari is not visible
[ERROR]   (package com.zaxxer.hikari is declared in the unnamed module, but module com.example.aedusapp does not read it)
[ERROR] /C:/Users/Mario/Documents/AedusApp/src/main/java/com/example/aedusapp/database/config/DBConnection.java:[4,18] package com.zaxxer.hikari is not visible
[ERROR]   (package com.zaxxer.hikari is declared in the unnamed module, but module com.example.aedusapp does not read it)
[ERROR] -> [Help 1]
[ERROR] 
[ERROR] To see the full stack trace of the errors, re-run Maven with the -e switch.
[ERROR] Re-run Maven using the -X switch to enable full debug logging.
[ERROR] 
[ERROR] For more information about the errors and possible solutions, please read the following articles:
[ERROR] [Help 1] http://cwiki.apache.org/confluence/display/MAVEN/MojoFailureException
